Download http://localhost:4261/@denotest%2fbin
Download http://localhost:4261/@denotest/bin/1.0.0.tgz
deno
