Download http://localhost:4261/@denotest%2fbasic
Download http://localhost:4262/@denotest2%2fbasic
Download http://localhost:4261/@denotest/basic/1.0.0.tgz
Download http://localhost:4262/@denotest2/basic/1.0.0.tgz
0
42
0
